// Jest Snapshot v1, https://goo.gl/fbAQLP

exports[`AddToCartModal renders correctly 1`] = `
<DocumentFragment>
  <div
    class="modal__content"
  >
    <addtocartmodalcard />
  </div>
</DocumentFragment>
`;
