// Jest Snapshot v1, https://goo.gl/fbAQLP

exports[`ReviewModal renders correctly 1`] = `
<DocumentFragment>
  <div
    class="modal__content"
  >
    <reviewmodalform />
  </div>
</DocumentFragment>
`;
