// Jest Snapshot v1, https://goo.gl/fbAQLP

exports[`Product Render correctly 1`] = `
<DocumentFragment>
  <div
    class="page-content__section"
  />
</DocumentFragment>
`;

exports[`Product renders correctly 1`] = `
<DocumentFragment>
  <div
    class="page-content__section"
  />
</DocumentFragment>
`;
