// Jest Snapshot v1, https://goo.gl/fbAQLP

exports[`Reviews Render correctly 1`] = `
Object {
  "asFragment": [Function],
  "baseElement": <body>
    <div>
      <div
        class="page-content__section"
      >
        <section
          class="review-block"
          data-testid="reviews"
        >
          <div
            class="container"
          >
            <div
              class="page-content__headed"
            >
              <h2
                class="title title--h3"
              >
                Отзывы
              </h2>
              <button
                class="btn"
                type="button"
              >
                Оставить свой отзыв
              </button>
            </div>
            <ul
              class="review-block__list"
            >
              <li
                class="review-card"
                data-testid="review-card"
              >
                <div
                  class="review-card__head"
                >
                  <p
                    class="title title--h4"
                  >
                    Александр
                  </p>
                  <time
                    class="review-card__data"
                    data-testid="review-date"
                    datetime="2022-10-17"
                  >
                    17
                     
                    октября
                  </time>
                </div>
                <div
                  class="rate review-card__rate"
                >
                  <svg
                    aria-hidden="true"
                    height="16"
                    width="17"
                  >
                    <use
                      data-testid="full-star-icon"
                      xlink:href="#icon-full-star"
                    />
                  </svg>
                  <svg
                    aria-hidden="true"
                    height="16"
                    width="17"
                  >
                    <use
                      data-testid="full-star-icon"
                      xlink:href="#icon-full-star"
                    />
                  </svg>
                  <svg
                    aria-hidden="true"
                    height="16"
                    width="17"
                  >
                    <use
                      data-testid="full-star-icon"
                      xlink:href="#icon-full-star"
                    />
                  </svg>
                  <svg
                    aria-hidden="true"
                    height="16"
                    width="17"
                  >
                    <use
                      data-testid="full-star-icon"
                      xlink:href="#icon-full-star"
                    />
                  </svg>
                  <svg
                    aria-hidden="true"
                    height="16"
                    width="17"
                  >
                    <use
                      data-testid="full-star-icon"
                      xlink:href="#icon-full-star"
                    />
                  </svg>
                  <p
                    class="visually-hidden"
                  >
                    Оценка: 
                    5
                  </p>
                </div>
                <ul
                  class="review-card__list"
                >
                  <li
                    class="item-list"
                  >
                    <span
                      class="item-list__title"
                    >
                      Достоинства:
                    </span>
                    <p
                      class="item-list__text"
                      data-testid="review-advantage"
                    >
                      Покупали недавно. Пока нареканий нет.
                    </p>
                  </li>
                  <li
                    class="item-list"
                  >
                    <span
                      class="item-list__title"
                    >
                      Недостатки:
                    </span>
                    <p
                      class="item-list__text"
                      data-testid="review-disadvantage"
                    >
                      Нет.
                    </p>
                  </li>
                  <li
                    class="item-list"
                  >
                    <span
                      class="item-list__title"
                    >
                      Комментарий:
                    </span>
                    <p
                      class="item-list__text"
                      data-testid="review-review"
                    >
                      Приобрела камеру ориентируясь на отзывы, но выявила множество несоответствий. Цена не оправдала ожидания
                    </p>
                  </li>
                </ul>
              </li>
              <li
                class="review-card"
                data-testid="review-card"
              >
                <div
                  class="review-card__head"
                >
                  <p
                    class="title title--h4"
                  >
                    Никита
                  </p>
                  <time
                    class="review-card__data"
                    data-testid="review-date"
                    datetime="2022-09-12"
                  >
                    12
                     
                    сентября
                  </time>
                </div>
                <div
                  class="rate review-card__rate"
                >
                  <svg
                    aria-hidden="true"
                    height="16"
                    width="17"
                  >
                    <use
                      data-testid="full-star-icon"
                      xlink:href="#icon-full-star"
                    />
                  </svg>
                  <svg
                    aria-hidden="true"
                    height="16"
                    width="17"
                  >
                    <use
                      data-testid="full-star-icon"
                      xlink:href="#icon-full-star"
                    />
                  </svg>
                  <svg
                    aria-hidden="true"
                    height="16"
                    width="17"
                  >
                    <use
                      data-testid="full-star-icon"
                      xlink:href="#icon-full-star"
                    />
                  </svg>
                  <svg
                    aria-hidden="true"
                    height="16"
                    width="17"
                  >
                    <use
                      data-testid="full-star-icon"
                      xlink:href="#icon-full-star"
                    />
                  </svg>
                  <svg
                    aria-hidden="true"
                    height="16"
                    width="17"
                  >
                    <use
                      xlink:href="#icon-star"
                    />
                  </svg>
                  <p
                    class="visually-hidden"
                  >
                    Оценка: 
                    4
                  </p>
                </div>
                <ul
                  class="review-card__list"
                >
                  <li
                    class="item-list"
                  >
                    <span
                      class="item-list__title"
                    >
                      Достоинства:
                    </span>
                    <p
                      class="item-list__text"
                      data-testid="review-advantage"
                    >
                      Недорогая, за такую цену отличный вариант.
                    </p>
                  </li>
                  <li
                    class="item-list"
                  >
                    <span
                      class="item-list__title"
                    >
                      Недостатки:
                    </span>
                    <p
                      class="item-list__text"
                      data-testid="review-disadvantage"
                    >
                      Не рекомендую!
                    </p>
                  </li>
                  <li
                    class="item-list"
                  >
                    <span
                      class="item-list__title"
                    >
                      Комментарий:
                    </span>
                    <p
                      class="item-list__text"
                      data-testid="review-review"
                    >
                      Камера для начинающих, самое то. Но урезанный комплект и многое придётся докупать
                    </p>
                  </li>
                </ul>
              </li>
            </ul>
          </div>
        </section>
      </div>
    </div>
  </body>,
  "container": <div>
    <div
      class="page-content__section"
    >
      <section
        class="review-block"
        data-testid="reviews"
      >
        <div
          class="container"
        >
          <div
            class="page-content__headed"
          >
            <h2
              class="title title--h3"
            >
              Отзывы
            </h2>
            <button
              class="btn"
              type="button"
            >
              Оставить свой отзыв
            </button>
          </div>
          <ul
            class="review-block__list"
          >
            <li
              class="review-card"
              data-testid="review-card"
            >
              <div
                class="review-card__head"
              >
                <p
                  class="title title--h4"
                >
                  Александр
                </p>
                <time
                  class="review-card__data"
                  data-testid="review-date"
                  datetime="2022-10-17"
                >
                  17
                   
                  октября
                </time>
              </div>
              <div
                class="rate review-card__rate"
              >
                <svg
                  aria-hidden="true"
                  height="16"
                  width="17"
                >
                  <use
                    data-testid="full-star-icon"
                    xlink:href="#icon-full-star"
                  />
                </svg>
                <svg
                  aria-hidden="true"
                  height="16"
                  width="17"
                >
                  <use
                    data-testid="full-star-icon"
                    xlink:href="#icon-full-star"
                  />
                </svg>
                <svg
                  aria-hidden="true"
                  height="16"
                  width="17"
                >
                  <use
                    data-testid="full-star-icon"
                    xlink:href="#icon-full-star"
                  />
                </svg>
                <svg
                  aria-hidden="true"
                  height="16"
                  width="17"
                >
                  <use
                    data-testid="full-star-icon"
                    xlink:href="#icon-full-star"
                  />
                </svg>
                <svg
                  aria-hidden="true"
                  height="16"
                  width="17"
                >
                  <use
                    data-testid="full-star-icon"
                    xlink:href="#icon-full-star"
                  />
                </svg>
                <p
                  class="visually-hidden"
                >
                  Оценка: 
                  5
                </p>
              </div>
              <ul
                class="review-card__list"
              >
                <li
                  class="item-list"
                >
                  <span
                    class="item-list__title"
                  >
                    Достоинства:
                  </span>
                  <p
                    class="item-list__text"
                    data-testid="review-advantage"
                  >
                    Покупали недавно. Пока нареканий нет.
                  </p>
                </li>
                <li
                  class="item-list"
                >
                  <span
                    class="item-list__title"
                  >
                    Недостатки:
                  </span>
                  <p
                    class="item-list__text"
                    data-testid="review-disadvantage"
                  >
                    Нет.
                  </p>
                </li>
                <li
                  class="item-list"
                >
                  <span
                    class="item-list__title"
                  >
                    Комментарий:
                  </span>
                  <p
                    class="item-list__text"
                    data-testid="review-review"
                  >
                    Приобрела камеру ориентируясь на отзывы, но выявила множество несоответствий. Цена не оправдала ожидания
                  </p>
                </li>
              </ul>
            </li>
            <li
              class="review-card"
              data-testid="review-card"
            >
              <div
                class="review-card__head"
              >
                <p
                  class="title title--h4"
                >
                  Никита
                </p>
                <time
                  class="review-card__data"
                  data-testid="review-date"
                  datetime="2022-09-12"
                >
                  12
                   
                  сентября
                </time>
              </div>
              <div
                class="rate review-card__rate"
              >
                <svg
                  aria-hidden="true"
                  height="16"
                  width="17"
                >
                  <use
                    data-testid="full-star-icon"
                    xlink:href="#icon-full-star"
                  />
                </svg>
                <svg
                  aria-hidden="true"
                  height="16"
                  width="17"
                >
                  <use
                    data-testid="full-star-icon"
                    xlink:href="#icon-full-star"
                  />
                </svg>
                <svg
                  aria-hidden="true"
                  height="16"
                  width="17"
                >
                  <use
                    data-testid="full-star-icon"
                    xlink:href="#icon-full-star"
                  />
                </svg>
                <svg
                  aria-hidden="true"
                  height="16"
                  width="17"
                >
                  <use
                    data-testid="full-star-icon"
                    xlink:href="#icon-full-star"
                  />
                </svg>
                <svg
                  aria-hidden="true"
                  height="16"
                  width="17"
                >
                  <use
                    xlink:href="#icon-star"
                  />
                </svg>
                <p
                  class="visually-hidden"
                >
                  Оценка: 
                  4
                </p>
              </div>
              <ul
                class="review-card__list"
              >
                <li
                  class="item-list"
                >
                  <span
                    class="item-list__title"
                  >
                    Достоинства:
                  </span>
                  <p
                    class="item-list__text"
                    data-testid="review-advantage"
                  >
                    Недорогая, за такую цену отличный вариант.
                  </p>
                </li>
                <li
                  class="item-list"
                >
                  <span
                    class="item-list__title"
                  >
                    Недостатки:
                  </span>
                  <p
                    class="item-list__text"
                    data-testid="review-disadvantage"
                  >
                    Не рекомендую!
                  </p>
                </li>
                <li
                  class="item-list"
                >
                  <span
                    class="item-list__title"
                  >
                    Комментарий:
                  </span>
                  <p
                    class="item-list__text"
                    data-testid="review-review"
                  >
                    Камера для начинающих, самое то. Но урезанный комплект и многое придётся докупать
                  </p>
                </li>
              </ul>
            </li>
          </ul>
        </div>
      </section>
    </div>
  </div>,
  "debug": [Function],
  "findAllByAltText": [Function],
  "findAllByDisplayValue": [Function],
  "findAllByLabelText": [Function],
  "findAllByPlaceholderText": [Function],
  "findAllByRole": [Function],
  "findAllByTestId": [Function],
  "findAllByText": [Function],
  "findAllByTitle": [Function],
  "findByAltText": [Function],
  "findByDisplayValue": [Function],
  "findByLabelText": [Function],
  "findByPlaceholderText": [Function],
  "findByRole": [Function],
  "findByTestId": [Function],
  "findByText": [Function],
  "findByTitle": [Function],
  "getAllByAltText": [Function],
  "getAllByDisplayValue": [Function],
  "getAllByLabelText": [Function],
  "getAllByPlaceholderText": [Function],
  "getAllByRole": [Function],
  "getAllByTestId": [Function],
  "getAllByText": [Function],
  "getAllByTitle": [Function],
  "getByAltText": [Function],
  "getByDisplayValue": [Function],
  "getByLabelText": [Function],
  "getByPlaceholderText": [Function],
  "getByRole": [Function],
  "getByTestId": [Function],
  "getByText": [Function],
  "getByTitle": [Function],
  "queryAllByAltText": [Function],
  "queryAllByDisplayValue": [Function],
  "queryAllByLabelText": [Function],
  "queryAllByPlaceholderText": [Function],
  "queryAllByRole": [Function],
  "queryAllByTestId": [Function],
  "queryAllByText": [Function],
  "queryAllByTitle": [Function],
  "queryByAltText": [Function],
  "queryByDisplayValue": [Function],
  "queryByLabelText": [Function],
  "queryByPlaceholderText": [Function],
  "queryByRole": [Function],
  "queryByTestId": [Function],
  "queryByText": [Function],
  "queryByTitle": [Function],
  "rerender": [Function],
  "unmount": [Function],
}
`;
