// Jest Snapshot v1, https://goo.gl/fbAQLP

exports[`ServerUnavailable Render correctly 1`] = `
Object {
  "asFragment": [Function],
  "baseElement": <body>
    <div>
      <section
        class="server-unavailable"
      >
        <div
          class="container"
        >
          <h1
            class="title title--h2 server-unavailable__title"
          >
            –°–µ—Ä–≤–µ—Ä –Ω–µ–¥–æ—Å—Ç—É–ø–µ–Ω üò•
          </h1>
          <h1
            class="server-unavailable__text"
          >
            –ü–æ–∂–∞–ª—É–π—Å—Ç–∞, –ø–æ–ø—Ä–æ–±—É–π—Ç–µ –ø–æ–∑–¥–Ω–µ–µ
          </h1>
          <a
            class="btn btn--purple"
            href="/"
          >
            –ü–µ—Ä–µ–∑–∞–≥—Ä—É–∑–∏—Ç—å
          </a>
        </div>
      </section>
    </div>
  </body>,
  "container": <div>
    <section
      class="server-unavailable"
    >
      <div
        class="container"
      >
        <h1
          class="title title--h2 server-unavailable__title"
        >
          –°–µ—Ä–≤–µ—Ä –Ω–µ–¥–æ—Å—Ç—É–ø–µ–Ω üò•
        </h1>
        <h1
          class="server-unavailable__text"
        >
          –ü–æ–∂–∞–ª—É–π—Å—Ç–∞, –ø–æ–ø—Ä–æ–±—É–π—Ç–µ –ø–æ–∑–¥–Ω–µ–µ
        </h1>
        <a
          class="btn btn--purple"
          href="/"
        >
          –ü–µ—Ä–µ–∑–∞–≥—Ä—É–∑–∏—Ç—å
        </a>
      </div>
    </section>
  </div>,
  "debug": [Function],
  "findAllByAltText": [Function],
  "findAllByDisplayValue": [Function],
  "findAllByLabelText": [Function],
  "findAllByPlaceholderText": [Function],
  "findAllByRole": [Function],
  "findAllByTestId": [Function],
  "findAllByText": [Function],
  "findAllByTitle": [Function],
  "findByAltText": [Function],
  "findByDisplayValue": [Function],
  "findByLabelText": [Function],
  "findByPlaceholderText": [Function],
  "findByRole": [Function],
  "findByTestId": [Function],
  "findByText": [Function],
  "findByTitle": [Function],
  "getAllByAltText": [Function],
  "getAllByDisplayValue": [Function],
  "getAllByLabelText": [Function],
  "getAllByPlaceholderText": [Function],
  "getAllByRole": [Function],
  "getAllByTestId": [Function],
  "getAllByText": [Function],
  "getAllByTitle": [Function],
  "getByAltText": [Function],
  "getByDisplayValue": [Function],
  "getByLabelText": [Function],
  "getByPlaceholderText": [Function],
  "getByRole": [Function],
  "getByTestId": [Function],
  "getByText": [Function],
  "getByTitle": [Function],
  "queryAllByAltText": [Function],
  "queryAllByDisplayValue": [Function],
  "queryAllByLabelText": [Function],
  "queryAllByPlaceholderText": [Function],
  "queryAllByRole": [Function],
  "queryAllByTestId": [Function],
  "queryAllByText": [Function],
  "queryAllByTitle": [Function],
  "queryByAltText": [Function],
  "queryByDisplayValue": [Function],
  "queryByLabelText": [Function],
  "queryByPlaceholderText": [Function],
  "queryByRole": [Function],
  "queryByTestId": [Function],
  "queryByText": [Function],
  "queryByTitle": [Function],
  "rerender": [Function],
  "unmount": [Function],
}
`;
