// Jest Snapshot v1, https://goo.gl/fbAQLP

exports[`ServerUnavailable renders correctly 1`] = `
<DocumentFragment>
  <section
    class="server-unavailable"
  >
    <div
      class="container"
    >
      <h1
        class="title title--h2 server-unavailable__title"
      >
        –°–µ—Ä–≤–µ—Ä –Ω–µ–¥–æ—Å—Ç—É–ø–µ–Ω üò•
      </h1>
      <h1
        class="server-unavailable__text"
      >
        –ü–æ–∂–∞–ª—É–π—Å—Ç–∞, –ø–æ–ø—Ä–æ–±—É–π—Ç–µ –ø–æ–∑–¥–Ω–µ–µ
      </h1>
      <a
        class="btn btn--purple"
        href="/"
      >
        –ü–µ—Ä–µ–∑–∞–≥—Ä—É–∑–∏—Ç—å
      </a>
    </div>
  </section>
</DocumentFragment>
`;
