// Jest Snapshot v1, https://goo.gl/fbAQLP

exports[`Render App 1`] = `
<DocumentFragment>
  <scrolltotop />
  <redirect />
  <approuter />
</DocumentFragment>
`;
