// Jest Snapshot v1, https://goo.gl/fbAQLP

exports[`Pagination renders correctly 1`] = `
<DocumentFragment>
  <div
    class="pagination"
    data-testid="pagination"
  />
</DocumentFragment>
`;
