// Jest Snapshot v1, https://goo.gl/fbAQLP

exports[`AddingToCartModal renders correctly 1`] = `
<DocumentFragment>
  <div
    class="modal__content"
  >
    <addingtocartmodalcard />
  </div>
</DocumentFragment>
`;
